
> app-starter-project-with-webpack@1.0.0 build
> webpack --config webpack.prod.js

assets by status 2.22 MiB [1m[32m[cached][39m[22m 15 assets
Entrypoint [1mapp[39m[22m = [1m[32mapp.css[39m[22m [1m[32mapp.bundle.js[39m[22m
orphan modules 167 KiB (javascript) 3.34 KiB (asset) 1.97 KiB (runtime) [1m[33m[orphan][39m[22m 32 modules
runtime modules 663 bytes 3 modules
cacheable modules 628 KiB (javascript) 17.7 KiB (css/mini-extract)
  javascript modules 628 KiB
    [1m./src/scripts/index.js + 12 modules[39m[22m 163 KiB [1m[33m[built][39m[22m [1m[33m[code generated][39m[22m
    [1m./node_modules/regenerator-runtime/runtime.js[39m[22m 24.7 KiB [1m[33m[built][39m[22m [1m[33m[code generated][39m[22m
    [1m./node_modules/leaflet/dist/leaflet-src.js[39m[22m 440 KiB [1m[33m[built][39m[22m [1m[33m[code generated][39m[22m
  css modules 17.7 KiB
    css ./node_modules/css-loader/dist/cjs.js![1m./src/styles/styles.css[39m[22m 3.63 KiB [1m[33m[built][39m[22m [1m[33m[code generated][39m[22m
    css ./node_modules/css-loader/dist/cjs.js![1m./node_modules/leaflet/dist/leaflet.css[39m[22m 14.1 KiB [1m[33m[built][39m[22m [1m[33m[code generated][39m[22m

[1mLOG from InjectManifest[39m[22m
<i> [1m[32mThe service worker at sw.bundle.js will precache[39m[22m
<i> [1m[32m        16 URLs, totaling 2.29 MB.[39m[22m

[1m[31mERROR[39m[22m in [1m./src/scripts/utils/notification-helper.js[39m[22m [1m[32m6:0-39[39m[22m
[1mModule [1m[31mnot found[39m[22m[1m: [1m[31mError[39m[22m[1m: Can't resolve '../globals/config' in 'C:\Users\erwin\Downloads\notesapp\src\scripts\utils'[39m[22m
resolve '../globals/config' in 'C:\Users\erwin\Downloads\notesapp\src\scripts\utils'
  using description file: C:\Users\erwin\Downloads\notesapp\package.json (relative path: ./src/scripts/utils)
    Field 'browser' doesn't contain a valid alias configuration
    using description file: C:\Users\erwin\Downloads\notesapp\package.json (relative path: ./src/scripts/globals/config)
      no extension
        Field 'browser' doesn't contain a valid alias configuration
[1m[31m        C:\Users\erwin\Downloads\notesapp\src\scripts\globals\config doesn't exist[39m[22m
      .js
        Field 'browser' doesn't contain a valid alias configuration
[1m[31m        C:\Users\erwin\Downloads\notesapp\src\scripts\globals\config.js doesn't exist[39m[22m
      .json
        Field 'browser' doesn't contain a valid alias configuration
[1m[31m        C:\Users\erwin\Downloads\notesapp\src\scripts\globals\config.json doesn't exist[39m[22m
      .wasm
        Field 'browser' doesn't contain a valid alias configuration
[1m[31m        C:\Users\erwin\Downloads\notesapp\src\scripts\globals\config.wasm doesn't exist[39m[22m
      as directory
[1m[31m        C:\Users\erwin\Downloads\notesapp\src\scripts\globals\config doesn't exist[39m[22m
 @ ./src/scripts/index.js 9:0-105 47:19-53 62:29-40 82:29-38

webpack 5.98.0 compiled with [1m[31m1 error[39m[22m in 2441 ms
